Script started on 2020-04-09 11:12:59-0700
miless3@linux-07:~$ git rm username.txt
fatal: not a git repository (or any parent up to mount point /)
Stopping at filesystem boundary (GIT_DISCOVERY_ACROSS_FILESYSTEM not set).
miless3@linux-07:~$ ls
cs141  csci241	Documents  eclipse-workspace  Pictures	Templates   Videos
cs145  Desktop	Downloads  Music	      Public	typescript
miless3@linux-07:~$ cd csci241
miless3@linux-07:~/csci241$ cd lab-1-SeanMiles42/
miless3@linux-07:~/csci241/lab-1-SeanMiles42$ git rm username.txt
rm 'username.txt'
miless3@linux-07:~/csci241/lab-1-SeanMiles42$ git rm wrtie[K[K[Kiteup.txt
rm 'writeup.txt'
miless3@linux-07:~/csci241/lab-1-SeanMiles42$ ls
build.gradle  settings.gradle  src  test.txt
miless3@linux-07:~/csci241/lab-1-SeanMiles42$ git m[Krm test.txt
error: the following file has changes staged in the index:
    test.txt
(use --cached to keep the file, or -f to force removal)
miless3@linux-07:~/csci241/lab-1-SeanMiles42$ cd
miless3@linux-07:~$ cd csci241/
miless3@linux-07:~/csci241$ git clone https://github.com/csci241-20s/lab-1-mile[K[K[K[KSeanMiles42
fatal: destination path 'lab-1-SeanMiles42' already exists and is not an empty directory.
miless3@linux-07:~/csci241$ git rm lab-1-SeanMiles42/
fatal: not a git repository (or any parent up to mount point /)
Stopping at filesystem boundary (GIT_DISCOVERY_ACROSS_FILESYSTEM not set).
miless3@linux-07:~/csci241$ rm lab-1-SeanMiles42/
rm: cannot remove 'lab-1-SeanMiles42/': Is a directory
miless3@linux-07:~/csci241$ cs lab-1-SeanMiles42/

Command 'cs' not found, but can be installed with:

apt install csound
Please ask your administrator.

miless3@linux-07:~/csci241$ cd lab-1-SeanMiles42/
miless3@linux-07:~/csci241/lab-1-SeanMiles42$ git congi[K[Kfig --global user.name "Sean Miles"
miless3@linux-07:~/csci241/lab-1-SeanMiles42$ git config --global user.email miless3@wwu. edu
miless3@linux-07:~/csci241/lab-1-SeanMiles42$ touch writeup.txt
miless3@linux-07:~/csci241/lab-1-SeanMiles42$ git add writeup.txt
miless3@linux-07:~/csci241/lab-1-SeanMiles42$ git commit -m "add[K[K[KAdded empty writeup"
[master 271aa1f] Added empty writeup
 3 files changed, 3 deletions(-)
 create mode 100644 test.txt
 delete mode 100644 username.txt
miless3@linux-07:~/csci241/lab-1-SeanMiles42$ git push
Username for 'https://github.com': !aeff67f77
Password for 'https://!aeff67f77@github.com': 
remote: Invalid username or password.
fatal: Authentication failed for 'https://github.com/csci241-20s/lab-1-SeanMiles42/'
miless3@linux-07:~/csci241/lab-1-SeanMiles42$ git push
Username for 'https://github.com': SeanMiles42
Password for 'https://SeanMiles42@github.com': 
Counting objects: 2, done.
Delta compression using up to 8 threads.
Compressing objects:  50% (1/2)   Compressing objects: 100% (2/2)   Compressing objects: 100% (2/2), done.
Writing objects:  50% (1/2)   Writing objects: 100% (2/2)   Writing objects: 100% (2/2), 276 bytes | 276.00 KiB/s, done.
Total 2 (delta 1), reused 0 (delta 0)
remote: Resolving deltas:   0% (0/1)[Kremote: Resolving deltas: 100% (1/1)[Kremote: Resolving deltas: 100% (1/1), completed with 1 local object.[K
To https://github.com/csci241-20s/lab-1-SeanMiles42
   4c3cafc..271aa1f  master -> master
miless3@linux-07:~/csci241/lab-1-SeanMiles42$ git [K[K[K[Knano writeup.txt
[?1049h[22;0;0t[1;55r(B[m[4l[?7h[39;49m[?1h=[?1h=[?1h=[?25l[39;49m(B[m[H[2J[53;37H(B[0;7m[ Reading File ](B[m[53;43H(B[0;7m 0 lines ](B[m[H(B[0;7m  GNU nano 2.9.3                          writeup.txt                                    [1;88H(B[m[54d(B[0;7m^G(B[m Get Help   (B[0;7m^O(B[m Write Out  (B[0;7m^W(B[m Where Is   (B[0;7m^K(B[m Cut Text   (B[0;7m^J(B[m Justify    (B[0;7m^C(B[m Cur Pos[55d(B[0;7m^X(B[m Exit[15G(B[0;7m^R(B[m Read File  (B[0;7m^\(B[m Replace    (B[0;7m^U(B[m Uncut Text (B[0;7m^T(B[m To Spell   (B[0;7m^_(B[m Go To Line[53d[3d[39;49m(B[m[?12l[?25h[?25l[1;80H(B[0;7mModified(B[m[3dS[?12l[?25h[?25le[?12l[?25h[?25la[?12l[?25h[?25ln[?12l[?25h[?25l [?12l[?25h[?25lM[?12l[?25h[?25li[?12l[?25h[?25ll[?12l[?25h[?25le[?12l[?25h[?25ls[?12l[?25h[?25l[53d(B[0;7mSave modified buffer?  (Answering "No" will DISCARD changes.)                            [54;1H Y(B[m Yes[K[55d(B[0;7m N(B[m No  [15G  (B[0;7m^C(B[m Cancel[K[53;63H[?12l[?25h[?25l[54d(B[0;7m^G(B[m Get Help[54;23H(B[0;7mM-D(B[m DOS Format[54;45H(B[0;7mM-A(B[m Append[54;67H(B[0;7mM-B(B[m Backup File[55d(B[0;7m^C(B[m Cancel[17G      (B[0;7mM-M(B[m Mac Format[55;45H(B[0;7mM-P(B[m Prepend[55;67H(B[0;7m^T(B[m To Files[53d(B[0;7mFile Name to Write: writeup.txt                              (B[m[53;32H[?12l[?25h[?25l[K[1;88H[1;80H(B[0;7m        (B[m[53;37H(B[0;7m[ Wrote 1 line ](B[m[J[55;89H[?12l[?25h[55;1H[?1049l[23;0;0t[?1l>miless3@linux-07:~/csci241/lab-1-SeanMiles42$ git add writeup.txt
miless3@linux-07:~/csci241/lab-1-SeanMiles42$ git commit -m "Added part 1 Sea [Kn Miles to w riteup"
[master 621ffe6] Added part 1 Sean Miles to writeup
 1 file changed, 1 insertion(+)
miless3@linux-07:~/csci241/lab-1-SeanMiles42$ git status
On branch master
Your branch is ahead of 'origin/master' by 1 commit.
  (use "git push" to publish your local commits)

nothing to commit, working tree clean
miless3@linux-07:~/csci241/lab-1-SeanMiles42$ nano writeup.txt
[?1049h[22;0;0t[1;55r(B[m[4l[?7h[39;49m[?1h=[?1h=[?1h=[?25l[39;49m(B[m[H[2J[53;37H(B[0;7m[ Reading File ](B[m[53;37H (B[0;7m[ Read 1 line ](B[m[H(B[0;7m  GNU nano 2.9.3                          writeup.txt                                    [1;88H(B[m[54d(B[0;7m^G(B[m Get Help   (B[0;7m^O(B[m Write Out  (B[0;7m^W(B[m Where Is   (B[0;7m^K(B[m Cut Text   (B[0;7m^J(B[m Justify    (B[0;7m^C(B[m Cur Pos[55d(B[0;7m^X(B[m Exit[15G(B[0;7m^R(B[m Read File  (B[0;7m^\(B[m Replace    (B[0;7m^U(B[m Uncut Text (B[0;7m^T(B[m To Spell   (B[0;7m^_(B[m Go To Line[53d[3d[39;49m(B[mSean Miles[?12l[?25h[?25l[4d[?12l[?25h[?25l[1;80H(B[0;7mModified(B[m[4dH[?12l[?25h[?25lo[?12l[?25h[?25lb[?12l[?25h[?25lb[?12l[?25h[?25ly[?12l[?25h[?25lL[?12l[?25h[?25l [?12l[?25h[?25l[?12l[?25h[?25l [?12l[?25h[?25l:[?12l[?25h[?25l [?12l[?25h[?25lv[?12l[?25h[?25li[?12l[?25h[?25ld[?12l[?25h[?25le[?12l[?25h[?25lo[?12l[?25h[?25l [?12l[?25h[?25lg[?12l[?25h[?25la[?12l[?25h[?25lm[?12l[?25h[?25le[?12l[?25h[?25ls[?12l[?25h[?25l[53d(B[0;7mSave modified buffer?  (Answering "No" will DISCARD changes.)                            [54;1H Y(B[m Yes[K[55d(B[0;7m N(B[m No  [15G  (B[0;7m^C(B[m Cancel[K[53;63H[?12l[?25h[?25l[54d(B[0;7m^G(B[m Get Help[54;23H(B[0;7mM-D(B[m DOS Format[54;45H(B[0;7mM-A(B[m Append[54;67H(B[0;7mM-B(B[m Backup File[55d(B[0;7m^C(B[m Cancel[17G      (B[0;7mM-M(B[m Mac Format[55;45H(B[0;7mM-P(B[m Prepend[55;67H(B[0;7m^T(B[m To Files[53d(B[0;7mFile Name to Write: writeup.txt                              (B[m[53;32H[?12l[?25h[?25l[K[1;88H[1;80H(B[0;7m        (B[m[53;37H(B[0;7m[ Wrote 2 lines ](B[m[J[55;89H[?12l[?25h[55;1H[?1049l[23;0;0t[?1l>miless3@linux-07:~/csci241/lab-1-SeanMiles42$ git status
On branch master
Your branch is ahead of 'origin/master' by 1 commit.
  (use "git push" to publish your local commits)

Changes not staged for commit:
  (use "git add <file>..." to update what will be committed)
  (use "git checkout -- <file>..." to discard changes in working directory)

	[31mmodified:   writeup.txt[m

no changes added to commit (use "git add" and/or "git commit -a")
miless3@linux-07:~/csci241/lab-1-SeanMiles42$ git commit -m "Added hobby ot[K[Kto writeup"
On branch master
Your branch is ahead of 'origin/master' by 1 commit.
  (use "git push" to publish your local commits)

Changes not staged for commit:
	[31mmodified:   writeup.txt[m

no changes added to commit
miless3@linux-07:~/csci241/lab-1-SeanMiles42$ git add
Nothing specified, nothing added.
Maybe you wanted to say 'git add .'?
miless3@linux-07:~/csci241/lab-1-SeanMiles42$ git add writeup.txt
miless3@linux-07:~/csci241/lab-1-SeanMiles42$ git add writeup.txt[Kcommit -m "Added hobby to writeup"status[Kcommit -m "Added hobby to writeup"status[K
On branch master
Your branch is ahead of 'origin/master' by 1 commit.
  (use "git push" to publish your local commits)

Changes to be committed:
  (use "git reset HEAD <file>..." to unstage)

	[32mmodified:   writeup.txt[m

miless3@linux-07:~/csci241/lab-1-SeanMiles42$ git statusadd writeup.txt[Kcommit -m "Added hobby to writeup"
[master 25d99d2] Added hobby to writeup
 1 file changed, 1 insertion(+)
miless3@linux-07:~/csci241/lab-1-SeanMiles42$ git status
On branch master
Your branch is ahead of 'origin/master' by 2 commits.
  (use "git push" to publish your local commits)

nothing to commit, working tree clean
miless3@linux-07:~/csci241/lab-1-SeanMiles42$ git push
Username for 'https://github.com': git status
Password for 'https://git status@github.com': 
remote: Invalid username or password.
fatal: Authentication failed for 'https://github.com/csci241-20s/lab-1-SeanMiles42/'
miless3@linux-07:~/csci241/lab-1-SeanMiles42$ git push
Username for 'https://github.com': SeanMiles42
Password for 'https://SeanMiles42@github.com': 
Counting objects: 6, done.
Delta compression using up to 8 threads.
Compressing objects:  25% (1/4)   Compressing objects:  50% (2/4)   Compressing objects:  75% (3/4)   Compressing objects: 100% (4/4)   Compressing objects: 100% (4/4), done.
Writing objects:  16% (1/6)   Writing objects:  33% (2/6)   Writing objects:  50% (3/6)   Writing objects:  66% (4/6)   Writing objects:  83% (5/6)   Writing objects: 100% (6/6)   Writing objects: 100% (6/6), 531 bytes | 265.00 KiB/s, done.
Total 6 (delta 2), reused 0 (delta 0)
remote: Resolving deltas:   0% (0/2)[Kremote: Resolving deltas: 100% (2/2)[Kremote: Resolving deltas: 100% (2/2), completed with 1 local object.[K
git statsTo https://github.com/csci241-20s/lab-1-SeanMiles42
   271aa1f..25d99d2  master -> master
miless3@linux-07:~/csci241/lab-1-SeanMiles42$ git stats[Kus
On branch master
Your branch is up to date with 'origin/master'.

nothing to commit, working tree clean
miless3@linux-07:~/csci241/lab-1-SeanMiles42$ t[Knano username.txt
[?1049h[22;0;0t[1;55r(B[m[4l[?7h[39;49m[?1h=[?1h=[?1h=[?25l[39;49m(B[m[H[2J[53;39H(B[0;7m[ New File ](B[m[H(B[0;7m  GNU nano 2.9.3                         username.txt                                    [1;88H(B[m[54d(B[0;7m^G(B[m Get Help   (B[0;7m^O(B[m Write Out  (B[0;7m^W(B[m Where Is   (B[0;7m^K(B[m Cut Text   (B[0;7m^J(B[m Justify    (B[0;7m^C(B[m Cur Pos[55d(B[0;7m^X(B[m Exit[15G(B[0;7m^R(B[m Read File  (B[0;7m^\(B[m Replace    (B[0;7m^U(B[m Uncut Text (B[0;7m^T(B[m To Spell   (B[0;7m^_(B[m Go To Line[53d[3d[39;49m(B[m[?12l[?25h[?25l[1;80H(B[0;7mModified(B[m[3dS[?12l[?25h[?25le[?12l[?25h[?25la[?12l[?25h[?25ln[?12l[?25h[?25l [?12l[?25h[?25lM[?12l[?25h[?25li[?12l[?25h[?25ll[?12l[?25h[?25le[?12l[?25h[?25ls[?12l[?25h[?25l,[?12l[?25h[?25lm[?12l[?25h[?25li[?12l[?25h[?25ll[?12l[?25h[?25le[?12l[?25h[?25ls[?12l[?25h[?25ls[?12l[?25h[?25l3[?12l[?25h[?25l,[?12l[?25h[?25lS[?12l[?25h[?25le[?12l[?25h[?25la[?12l[?25h[?25ln[?12l[?25h[?25lM[?12l[?25h[?25li[?12l[?25h[?25ll[53d[K[3;27H[?12l[?25h[?25le[?12l[?25h[?25ls[?12l[?25h[?25l4[?12l[?25h[?25l2[?12l[?25h[?25l[53d(B[0;7mSave modified buffer?  (Answering "No" will DISCARD changes.)                            [54;1H Y(B[m Yes[K[55d(B[0;7m N(B[m No  [15G  (B[0;7m^C(B[m Cancel[K[53;63H[?12l[?25h[?25l[54d(B[0;7m^G(B[m Get Help[54;23H(B[0;7mM-D(B[m DOS Format[54;45H(B[0;7mM-A(B[m Append[54;67H(B[0;7mM-B(B[m Backup File[55d(B[0;7m^C(B[m Cancel[17G      (B[0;7mM-M(B[m Mac Format[55;45H(B[0;7mM-P(B[m Prepend[55;67H(B[0;7m^T(B[m To Files[53d(B[0;7mFile Name to Write: username.txt                             (B[m[53;33H[?12l[?25h[?25l[K[1;88H[1;80H(B[0;7m        (B[m[53;37H(B[0;7m[ Wrote 1 line ](B[m[J[55;89H[?12l[?25h[55;1H[?1049l[23;0;0t[?1l>miless3@linux-07:~/csci241/lab-1-SeanMiles42$ git add username.txt 
miless3@linux-07:~/csci241/lab-1-SeanMiles42$ git commit -m "Added usern[K[K[K[K[KName [K[K[K[K[Kname and usernames"[K[K[K[K[K[K[K[K[K[K[K[K[K[K[K[K[K[K[Kusernames"
[master 0461c82] Added usernames
 1 file changed, 1 insertion(+)
 create mode 100644 username.txt
miless3@linux-07:~/csci241/lab-1-SeanMiles42$ git push
Username for 'https://github.com': Seab nMiles42
Password for 'https://SeanMiles42@github.com': 
Counting objects: 3, done.
Delta compression using up to 8 threads.
Compressing objects:  50% (1/2)   Compressing objects: 100% (2/2)   Compressing objects: 100% (2/2), done.
Writing objects:  33% (1/3)   Writing objects:  66% (2/3)   Writing objects: 100% (3/3)   Writing objects: 100% (3/3), 293 bytes | 293.00 KiB/s, done.
Total 3 (delta 1), reused 0 (delta 0)
remote: Resolving deltas:   0% (0/1)[Kremote: Resolving deltas: 100% (1/1)[Kremote: Resolving deltas: 100% (1/1), completed with 1 local object.[K
To https://github.com/csci241-20s/lab-1-SeanMiles42
   25d99d2..0461c82  master -> master
miless3@linux-07:~/csci241/lab-1-SeanMiles42$ gt[Kit status
On branch master
Your branch is up to date with 'origin/master'.

nothing to commit, working tree clean
miless3@linux-07:~/csci241/lab-1-SeanMiles42$ [Kmiless3@linux-07:~/csci241/lab-1-SeanMiles42$ [Kmiless3@linux-07:~/csci241/lab-1-SeanMiles42$ [Kmiless3@linux-07:~/csci241/lab-1-SeanMiles42$ [Kmiless3@linux-07:~/csci241/lab-1-SeanMiles42$ [Kmiless3@linux-07:~/csci241/lab-1-SeanMiles42$ git checkout
Your branch is up to date with 'origin/master'.
miless3@linux-07:~/csci241/lab-1-SeanMiles42$ git [K[K[K[Kls
build.gradle  settings.gradle  src  test.txt  username.txt  writeup.txt
miless3@linux-07:~/csci241/lab-1-SeanMiles42$ git rm test.txt 
rm 'test.txt'
miless3@linux-07:~/csci241/lab-1-SeanMiles42$ ls
build.gradle  settings.gradle  src  username.txt  writeup.txt
miless3@linux-07:~/csci241/lab-1-SeanMiles42$ git mv writeup.txt
usage: git mv [<options>] <source>... <destination>

    -v, --verbose         be verbose
    -n, --dry-run         dry run
    -f, --force           force move/rename even if target exists
    -k                    skip move/rename errors

miless3@linux-07:~/csci241/lab-1-SeanMiles42$ gi[K[Kgit mv writeup.txt [K[K[K[K[K[K[K[K[K[K[K[K[K[K[K[K[K[K[Kgit mv writeup.txt r[Kmvtest
miless3@linux-07:~/csci241/lab-1-SeanMiles42$ ls
build.gradle  mvtest  settings.gradle  src  username.txt
miless3@linux-07:~/csci241/lab-1-SeanMiles42$ /[Kgit mv mv [Ktest writeup/[K.txt
miless3@linux-07:~/csci241/lab-1-SeanMiles42$ ls
build.gradle  settings.gradle  src  username.txt  writeup.txt
miless3@linux-07:~/csci241/lab-1-SeanMiles42$ git blame
usage: git blame [<options>] [<rev-opts>] [<rev>] [--] <file>

    <rev-opts> are documented in git-rev-list(1)

    --incremental         Show blame entries as we find them, incrementally
    -b                    Show blank SHA-1 for boundary commits (Default: off)
    --root                Do not treat root commits as boundaries (Default: off)
    --show-stats          Show work cost statistics
    --progress            Force progress reporting
    --score-debug         Show output score for blame entries
    -f, --show-name       Show original filename (Default: auto)
    -n, --show-number     Show original linenumber (Default: off)
    -p, --porcelain       Show in a format designed for machine consumption
    --line-porcelain      Show porcelain format with per-line commit information
    -c                    Use the same output mode as git-annotate (Default: off)
    -t                    Show raw timestamp (Default: off)
    -l                    Show long commit SHA1 (Default: off)
    -s                    Suppress author name and timestamp (Default: off)
    -e, --show-email      Show author email instead of name (Default: off)
    -w                    Ignore whitespace differences
    --indent-heuristic    Use an experimental heuristic to improve diffs
    --minimal             Spend extra cycles to find better match
    -S <file>             Use revisions from <file> instead of calling git-rev-list
    --contents <file>     Use <file>'s contents as the final image
    -C[<score>]           Find line copies within and across files
    -M[<score>]           Find line movements within and across files
    -L <n,m>              Process only line range n,m, counting from 1
    --abbrev[=<n>]        use <n> digits to display SHA-1s

miless3@linux-07:~/csci241/lab-1-SeanMiles42$ git blaem[K[Kme writeup.txt
[?1h=621ffe6e (Sean Miles 2020-04-09 11:17:52 -0700 1) Sean Miles[m
25d99d27 (Sean Miles 2020-04-09 11:19:25 -0700 2) Hobby: video games[m
[K[?1l>miless3@linux-07:~/csci241/lab-1-SeanMiles42$ git log
[?1h=[33mcommit 0461c829ba70fc48d8da1976f47d3a201cb26059[m[33m ([m[1;36mHEAD -> [m[1;32mmaster[m[33m, [m[1;31morigin/master[m[33m, [m[1;31morigin/HEAD[m[33m)[m[m
Author: Sean Miles <miless3@wwu.edu>[m
Date:   Thu Apr 9 11:20:54 2020 -0700[m
[m
    Added usernames[m
[m
[33mcommit 25d99d27b2f6de00285e0f98ee8c9e53943a0e92[m[m
Author: Sean Miles <miless3@wwu.edu>[m
Date:   Thu Apr 9 11:19:25 2020 -0700[m
[m
    Added hobby to writeup[m
[m
[33mcommit 621ffe6ee811c8ee1b9f8803536f007af9966441[m[m
Author: Sean Miles <miless3@wwu.edu>[m
Date:   Thu Apr 9 11:17:52 2020 -0700[m
[m
    Added part 1 Sean Miles to writeup[m
[m
[33mcommit 271aa1ff94bc5d944489d594d6910880cd7838b7[m[m
Author: Sean Miles <miless3@wwu.edu>[m
Date:   Thu Apr 9 11:16:10 2020 -0700[m
[m
    Added empty writeup[m
[m
[33mcommit 4c3cafc27f17fccd945630159ae101d7edb75e57[m[m
Author: Sean Miles <miless3@wwu.edu>[m
Date:   Thu Apr 9 09:42:05 2020 -0700[m
[m
    Added name and usernames[m
[m
[33mcommit 974ca175c2669dddee6f06f1fe2a46d3c3f17576[m[m
Author: Sean Miles <miless3@wwu.edu>[m
Date:   Thu Apr 9 09:39:30 2020 -0700[m
[m
    Added hobby to writeup[m
[m
[33mcommit e3fd3a0cbc9be6e0d256d70202845f2b38415400[m[m
Author: Sean Miles <miless3@wwu.edu>[m
Date:   Thu Apr 9 09:37:45 2020 -0700[m
[m
    Added part 1 Sean Miles to writeup[m
[m
[33mcommit 89debec7684ba648954e62a5af1627c77163f699[m[m
Author: Sean Miles <miless3@wwu.edu>[m
Date:   Thu Apr 9 09:14:53 2020 -0700[m
[m
    Added empty writeup[m
[m
[33mcommit e5d7327070fa29444f6504cabe41f3ca6267f2bc[m[m
Author: swehrwein <swehrwein@gmail.com>[m
Date:   Wed Apr 8 19:15:17 2020 -0700[m
[m
    Setting up GitHub Classroom Feedback[m
[m
:[K[K[K:[K[K:[K[K[7mNo next tag  (press RETURN)[27m[55;1H[K[K:[K[K[33mcommit 0acf0f52e4760cfff9fd7c7548510205e7c44a4e[m[33m ([m[1;31morigin/feedback[m[33m)[m[m
Author: swehrwein <swehrwein@gmail.com>[m
Date:   Wed Apr 8 19:15:17 2020 -0700[m
[m
    Setting up GitHub Classroom Feedback[m
[m
[33mcommit 102c56902be4ad3ff727dc07b6a526373e7080d9[m[m
Author: swehrwein <swehrwein@gmail.com>[m
Date:   Wed Apr 8 19:15:15 2020 -0700[m
[m
    Initial commit[m
[7m(END)[27m[K[K[7m(END)[27m[K[K[K[7m(END)[27m[K[K[K[7m(END)[27m[K[K[K[7m(END)[27m[K[K/[K[K[7mNo previous regular expression  (press RETURN)[27m[55;1H[K[K[K[7m(END)[27m[K[K[K[7m(END)[27m[K[K[K[7m(END)[27m[K[K/[K[K[7mNo previous regular expression  (press RETURN)[27m[55;1H[K[K[7m(END)[27m[K[K[K[7m(END)[27m[K[K[K[7m(END)[27m[K[K[K[7m(END)[27m[K[K[K[7m(END)[27m[K[K[K[7m(END)[27m[K[K[K[7m(END)[27m[K[K[K[7m(END)[27m[K[K[K[7m(END)[27m[K[K[7m(END)[27m[K[K[7m(END)[27m[K[K [KESCESC[KESCESC[K[7m(END)[27m[K[K [KESCESC[Kqq[K[7m(END)[27m[K[K[?1l>miless3@linux-07:~/csci241/lab-1-SeanMiles42$ 
miless3@linux-07:~/csci241/lab-1-SeanMiles42$ git diff
[?1h=[K[?1l>miless3@linux-07:~/csci241/lab-1-SeanMiles42$ git [K[K[K[Knano writeup.txt 
[?1049h[22;0;0t[1;55r(B[m[4l[?7h[39;49m[?1h=[?1h=[?1h=[?25l[39;49m(B[m[H[2J[53;52H(B[0;7m[ Reading File ](B[m[53;58H(B[0;7m 2 lines ](B[m[H(B[0;7m  GNU nano 2.9.3                                        writeup.txt                                                   [1;117H(B[m[54d(B[0;7m^G(B[m Get Help     (B[0;7m^O(B[m Write Out    (B[0;7m^W(B[m Where Is     (B[0;7m^K(B[m Cut Text     (B[0;7m^J(B[m Justify[81G(B[0;7m^C(B[m Cur Pos[97G(B[0;7mM-U(B[m Undo[55d(B[0;7m^X(B[m Exit[55;17H(B[0;7m^R(B[m Read File    (B[0;7m^\(B[m Replace[49G(B[0;7m^U(B[m Uncut Text   (B[0;7m^T(B[m To Spell     (B[0;7m^_(B[m Go To Line   (B[0;7mM-E(B[m Redo[53d[3d[39;49m(B[mSean Miles[4dHobby: video games[A[?12l[?25h[?25l[4d[?12l[?25h[?25l[5d[?12l[?25h[?25l[?12l[?25h[?25l[1;109H(B[0;7mModified(B[m[5dT[?12l[?25h[?25l[K[?12l[?25h[?25lT[?12l[?25h[?25lE[?12l[?25h[?25lS[?12l[?25h[?25lT[?12l[?25h[?25l [?12l[?25h[?25lL[?12l[?25h[?25lI[?12l[?25h[?25lN[?12l[?25h[?25lE[?12l[?25h[?25l[53d(B[0;7mSave modified buffer?  (Answering "No" will DISCARD changes.)                                                         [54;1H Y(B[m Yes[K[55d(B[0;7m N(B[m No  [55;18H(B[0;7mC(B[m Cancel[K[53;63H[?12l[?25h[?25l[54d(B[0;7m^G(B[m Get Help[54;30H(B[0;7mM-D(B[m DOS Format[54;59H(B[0;7mM-A(B[m Append[54;88H(B[0;7mM-B(B[m Backup File[55d(B[0;7m^C(B[m Cancel[17G             (B[0;7mM-M(B[m Mac Format[55;59H(B[0;7mM-P(B[m Prepend[55;88H(B[0;7m^T(B[m To Files[53d(B[0;7mFile Name to Write: writeup.txt                              (B[m[53;32H[?12l[?25h[?25l[K[1;117H[1;109H(B[0;7m        (B[m[53;51H(B[0;7m[ Wrote 3 lines ](B[m[J[55;118H[?12l[?25h[55;1H[?1049l[23;0;0t[?1l>miless3@linux-07:~/csci241/lab-1-SeanMiles42$ 
miless3@linux-07:~/csci241/lab-1-SeanMiles42$ git diff
[?1h=[1mdiff --git a/writeup.txt b/writeup.txt[m[m
[1mindex 63f589f..fe76f74 100644[m[m
[1m--- a/writeup.txt[m[m
[1m+++ b/writeup.txt[m[m
[36m@@ -1,2 +1,3 @@[m[m
 Sean Miles[m[m
 Hobby: video games[m[m
[32m+[m[32mTEST LINE[m[m
[K[?1l>miless3@linux-07:~/csci241/lab-1-SeanMiles42$ gitt dif[K[K[K[K[K[Kt diff
[?1h=[1mdiff --git a/writeup.txt b/writeup.txt[m[m
[1mindex 63f589f..fe76f74 100644[m[m
[1m--- a/writeup.txt[m[m
[1m+++ b/writeup.txt[m[m
[36m@@ -1,2 +1,3 @@[m[m
 Sean Miles[m[m
 Hobby: video games[m[m
[32m+[m[32mTEST LINE[m[m
[K[?1l>miless3@linux-07:~/csci241/lab-1-SeanMiles42$ git diff[Knano writeup.txt 
[?1049h[22;0;0t[1;55r(B[m[4l[?7h[39;49m[?1h=[?1h=[?1h=[?25l[39;49m(B[m[H[2J[53;52H(B[0;7m[ Reading File ](B[m[53;58H(B[0;7m 3 lines ](B[m[H(B[0;7m  GNU nano 2.9.3                                        writeup.txt                                                   [1;117H(B[m[54d(B[0;7m^G(B[m Get Help     (B[0;7m^O(B[m Write Out    (B[0;7m^W(B[m Where Is     (B[0;7m^K(B[m Cut Text     (B[0;7m^J(B[m Justify[81G(B[0;7m^C(B[m Cur Pos[97G(B[0;7mM-U(B[m Undo[55d(B[0;7m^X(B[m Exit[55;17H(B[0;7m^R(B[m Read File    (B[0;7m^\(B[m Replace[49G(B[0;7m^U(B[m Uncut Text   (B[0;7m^T(B[m To Spell     (B[0;7m^_(B[m Go To Line   (B[0;7mM-E(B[m Redo[53d[3d[39;49m(B[mSean Miles[4dHobby: video games[5dTEST LINE[3d[?12l[?25h[?25l[?12l[?25h[?25l[?12l[?25h[?25l[?12l[?25h[?25l[?12l[?25h[?25l[?12l[?25h[?25l[?12l[?25h[?25l[?12l[?25h[?25l[?12l[?25h[?25l[?12l[?25h[?25l[?12l[?25h[?25l[?12l[?25h[?25l[?12l[?25h[?25l[?12l[?25h[?25l[?12l[?25h[?25l[4d[?12l[?25h[?25l[5d[?12l[?25h[?25l[1;109H(B[0;7mModified(B[m[5d[1P[?12l[?25h[?25l[1P[?12l[?25h[?25l[1P[?12l[?25h[?25l LINE[K[?12l[?25h[?25lLINE[K[?12l[?25h[?25lINE[K[?12l[?25h[?25lNE[K[?12l[?25h[?25lE[K[?12l[?25h[?25l[K[?12l[?25h[?25l[53d[K[5d[?12l[?25h[?25l[4;19H[?12l[?25h[?25l[53d(B[0;7mSave modified buffer?  (Answering "No" will DISCARD changes.)                                                         [54;1H Y(B[m Yes[K[55d(B[0;7m N(B[m No  [55;18H(B[0;7mC(B[m Cancel[K[53;63H[?12l[?25h[?25l[54d(B[0;7m^G(B[m Get Help[54;30H(B[0;7mM-D(B[m DOS Format[54;59H(B[0;7mM-A(B[m Append[54;88H(B[0;7mM-B(B[m Backup File[55d(B[0;7m^C(B[m Cancel[17G             (B[0;7mM-M(B[m Mac Format[55;59H(B[0;7mM-P(B[m Prepend[55;88H(B[0;7m^T(B[m To Files[53d(B[0;7mFile Name to Write: writeup.txt                              (B[m[53;32H[?12l[?25h[?25l[K[1;117H[1;109H(B[0;7m        (B[m[53;51H(B[0;7m[ Wrote 2 lines ](B[m[J[55;118H[?12l[?25h[55;1H[?1049l[23;0;0t[?1l>miless3@linux-07:~/csci241/lab-1-SeanMiles42$ git diff
[?1h=[K[?1l>miless3@linux-07:~/csci241/lab-1-SeanMiles42$ [Kmiless3@linux-07:~/csci241/lab-1-SeanMiles42$ git checkout -b question3
D	test.txt
Switched to a new branch 'question3'
miless3@linux-07:~/csci241/lab-1-SeanMiles42$ ls
build.gradle  settings.gradle  src  username.txt  writeup.txt
miless3@linux-07:~/csci241/lab-1-SeanMiles42$ nano writeup.txt
[?1049h[22;0;0t[1;55r(B[m[4l[?7h[39;49m[?1h=[?1h=[?1h=[?25l[39;49m(B[m[H[2J[53;45H(B[0;7m[ Reading File ](B[m[53;51H(B[0;7m 2 lines ](B[m[H(B[0;7m  GNU nano 2.9.3                                 writeup.txt                                            [1;103H(B[m[54d(B[0;7m^G(B[m Get Help   (B[0;7m^O(B[m Write Out  (B[0;7m^W(B[m Where Is   (B[0;7m^K(B[m Cut Text   (B[0;7m^J(B[m Justify    (B[0;7m^C(B[m Cur Pos    (B[0;7mM-U(B[m Undo[55d(B[0;7m^X(B[m Exit[15G(B[0;7m^R(B[m Read File  (B[0;7m^\(B[m Replace    (B[0;7m^U(B[m Uncut Text (B[0;7m^T(B[m To Spell   (B[0;7m^_(B[m Go To Line (B[0;7mM-E(B[m Redo[53d[3d[39;49m(B[mSean Miles[4dHobby: video games[A[?12l[?25h[?25l[4d[?12l[?25h[?25l[5d[?12l[?25h[?25l[1;95H(B[0;7mModified(B[m[5dF[?12l[?25h[?25la[?12l[?25h[?25lv[?12l[?25h[?25lo[?12l[?25h[?25lr[?12l[?25h[?25li[?12l[?25h[?25lt[?12l[?25h[?25le[?12l[?25h[?25l [?12l[?25h[?25ls[?12l[?25h[?25lo[?12l[?25h[?25ln[?12l[?25h[?25lg[?12l[?25h[?25l:[?12l[?25h[?25l [?12l[?25h[?25lS[?12l[?25h[?25lh[?12l[?25h[?25li[?12l[?25h[?25ln[?12l[?25h[?25le[?12l[?25h[?25l [?12l[?25h[?25lo[?12l[?25h[?25ln[?12l[?25h[?25l[53d[K[5;25H[?12l[?25h[?25lY[?12l[?25h[?25lo[?12l[?25h[?25lu[?12l[?25h[?25l [?12l[?25h[?25l [?12l[?25h[?25l [?12l[?25h[?25ly[?12l[?25h[?25lo[?12l[?25h[?25lu[?12l[?25h[?25l [?12l[?25h[?25l[?12l[?25h[?25l [?12l[?25h[?25l [?12l[?25h[?25l [?12l[?25h[?25lY[?12l[?25h[?25lo[?12l[?25h[?25lu[?12l[?25h[?25l [?12l[?25h[?25lC[?12l[?25h[?25lr[?12l[?25h[?25la[?12l[?25h[?25lz[?12l[?25h[?25ly[?12l[?25h[?25l [?12l[?25h[?25lD[?12l[?25h[?25li[?12l[?25h[?25la[?12l[?25h[?25lm[?12l[?25h[?25lo[?12l[?25h[?25ln[?12l[?25h[?25ld[?12l[?25h[?25l [?12l[?25h[?25lb[?12l[?25h[?25ly[?12l[?25h[?25l [?12l[?25h[?25lP[?12l[?25h[?25li[?12l[?25h[?25ln[?12l[?25h[?25lk[?12l[?25h[?25l [?12l[?25h[?25lF[?12l[?25h[?25ll[?12l[?25h[?25lo[?12l[?25h[?25ly[?12l[?25h[?25ld[?12l[?25h[?25l[53d(B[0;7mSave modified buffer?  (Answering "No" will DISCARD changes.)                                           [54;1H Y(B[m Yes[K[55d(B[0;7m N(B[m No  [15G  (B[0;7m^C(B[m Cancel[K[53;63H[?12l[?25h[?25l[54d(B[0;7m^G(B[m Get Help[54;27H(B[0;7mM-D(B[m DOS Format[54;53H(B[0;7mM-A(B[m Append[54;79H(B[0;7mM-B(B[m Backup File[55d(B[0;7m^C(B[m Cancel[17G          (B[0;7mM-M(B[m Mac Format[55;53H(B[0;7mM-P(B[m Prepend[55;79H(B[0;7m^T(B[m To Files[53d(B[0;7mFile Name to Write: writeup.txt                              (B[m[53;32H[?12l[?25h[?25l[K[1;103H[1;95H(B[0;7m        (B[m[53;44H(B[0;7m[ Wrote 3 lines ](B[m[J[55;104H[?12l[?25h[55;1H[?1049l[23;0;0t[?1l>miless3@linux-07:~/csci241/lab-1-SeanMiles42$ git add writeup.txt 
miless3@linux-07:~/csci241/lab-1-SeanMiles42$ git commit[K[K[K[K[K[Kstatus
On branch question3
Changes to be committed:
  (use "git reset HEAD <file>..." to unstage)

	[32mdeleted:    test.txt[m
	[32mmodified:   writeup.txt[m

miless3@linux-07:~/csci241/lab-1-SeanMiles42$ tg[Kg[Kg[K[Kgit commit -m "Added favorite song"
[question3 869c0a8] Added favorite song
 2 files changed, 1 insertion(+)
 delete mode 100644 test.txt
miless3@linux-07:~/csci241/lab-1-SeanMiles42$ git push
fatal: The current branch question3 has no upstream branch.
To push the current branch and set the remote as upstream, use

    git push --set-upstream origin question3

miless3@linux-07:~/csci241/lab-1-SeanMiles42$ git pus
git: 'pus' is not a git command. See 'git --help'.

The most similar commands are
	push
	pull
miless3@linux-07:~/csci241/lab-1-SeanMiles42$ git push --set-upstream origin question3
Username for 'https://github.com': SeanMiles42
Password for 'https://SeanMiles42@github.com': 
Counting objects: 3, done.
Delta compression using up to 8 threads.
Compressing objects:  33% (1/3)   Compressing objects:  66% (2/3)   Compressing objects: 100% (3/3)   Compressing objects: 100% (3/3), done.
Writing objects:  33% (1/3)   Writing objects:  66% (2/3)   Writing objects: 100% (3/3)   Writing objects: 100% (3/3), 342 bytes | 342.00 KiB/s, done.
Total 3 (delta 1), reused 0 (delta 0)
remote: Resolving deltas:   0% (0/1)[Kremote: Resolving deltas: 100% (1/1)[Kremote: Resolving deltas: 100% (1/1), completed with 1 local object.[K
remote: 
remote: Create a pull request for 'question3' on GitHub by visiting:[K
remote:      https://github.com/csci241-20s/lab-1-SeanMiles42/pull/new/question3[K
remote: 
To https://github.com/csci241-20s/lab-1-SeanMiles42
 * [new branch]      question3 -> question3
Branch 'question3' set up to track remote branch 'question3' from 'origin'.
miless3@linux-07:~/csci241/lab-1-SeanMiles42$ git stt[Katus
On branch question3
Your branch is up to date with 'origin/question3'.

nothing to commit, working tree clean
miless3@linux-07:~/csci241/lab-1-SeanMiles42$ git checkout master
Switched to branch 'master'
Your branch is up to date with 'origin/master'.
miless3@linux-07:~/csci241/lab-1-SeanMiles42$ git merge question3
Updating 0461c82..869c0a8
Fast-forward
 test.txt    | 0
 writeup.txt | 1 [32m+[m
 2 files changed, 1 insertion(+)
 delete mode 100644 test.txt
miless3@linux-07:~/csci241/lab-1-SeanMiles42$ git brand[Kch -d questip[Kon3
Deleted branch question3 (was 869c0a8).
miless3@linux-07:~/csci241/lab-1-SeanMiles42$ gits [K[K status
On branch master
Your branch is ahead of 'origin/master' by 1 commit.
  (use "git push" to publish your local commits)

nothing to commit, working tree clean
miless3@linux-07:~/csci241/lab-1-SeanMiles42$ git comm[K[K[K[Kpush
Username for 'https://github.com': SeanMiles42
Password for 'https://SeanMiles42@github.com': 
Total 0 (delta 0), reused 0 (delta 0)
To https://github.com/csci241-20s/lab-1-SeanMiles42
   0461c82..869c0a8  master -> master
miless3@linux-07:~/csci241/lab-1-SeanMiles42$ git branch -d question3
error: branch 'question3' not found.
miless3@linux-07:~/csci241/lab-1-SeanMiles42$ git status
On branch master
Your branch is up to date with 'origin/master'.

nothing to commit, working tree clean
miless3@linux-07:~/csci241/lab-1-SeanMiles42$ git push origion[K[K[K[K[K[K[K[K[K[K[K[K[K[K[K[Kgit statusbranch -d question3push[Kstatusbranch -d question3[4Pmerge[C[C[C[C[C[C[C[C[C[Ccheckout master[9Pstatuspush --set-upstream origin question3[1P[1P[1P[1P[1P[1P[1P[1P[1P[1P[1P[1P[1@d
error: Ambiguous option: d (could be --delete or --dry-run)
usage: git push [<options>] [<repository> [<refspec>...]]

    -v, --verbose         be more verbose
    -q, --quiet           be more quiet
    --repo <repository>   repository
    --all                 push all refs
    --mirror              mirror all refs
    -d, --delete          delete refs
    --tags                push tags (can't be used with --all or --mirror)
    -n, --dry-run         dry run
    --porcelain           machine-readable output
    -f, --force           force updates
    --force-with-lease[=<refname>:<expect>]
                          require old value of ref to be at this value
    --recurse-submodules[=<check|on-demand|no>]
                          control recursive pushing of submodules
    --thin                use thin pack
    --receive-pack <receive-pack>
                          receive pack program
    --exec <receive-pack>
                          receive pack program
    -u, --set-upstream    set upstream for git pull/status
    --progress            force progress reporting
    --prune               prune locally removed refs
    --no-verify           bypass pre-push hook
    --follow-tags         push missing but relevant tags
    --signed[=<yes|no|if-asked>]
                          GPG sign the push
    --atomic              request atomic transaction on remote side
    -o, --push-option <server-specific>
                          option to transmit
    -4, --ipv4            use IPv4 addresses only
    -6, --ipv6            use IPv6 addresses only

miless3@linux-07:~/csci241/lab-1-SeanMiles42$ git push --d origin question3status[Kbranch -d question3push[Kbranch -d question3[1P question3[1P question3[1Pquestion3
miless3@linux-07:~/csci241/lab-1-SeanMiles42$ git status
On branch master
Your branch is up to date with 'origin/master'.

nothing to commit, working tree clean
miless3@linux-07:~/csci241/lab-1-SeanMiles42$ git checkout[K[K[K[K[K[K[K[Kcheckout [K[K[K[K[K[K[K[K[K[K[K[K[Kgit statusbranch question3[9@push --d origin[C[C[C[C[C[C[C[C[C[Cstatus[Kbranch -d question3push[Kstatusbranch -d question3[4Pmerge[C[C[C[C[C[C[C[C[C[Ccheckout master[9Pstatuscheckout master[K[K[K[K[K[Kquestion3
Switched to branch 'question3'
miless3@linux-07:~/csci241/lab-1-SeanMiles42$ git stt[Katus
On branch question3
nothing to commit, working tree clean
miless3@linux-07:~/csci241/lab-1-SeanMiles42$ git branch -d question3
error: Cannot delete branch 'question3' checked out at '/home/miless3/csci241/lab-1-SeanMiles42'
miless3@linux-07:~/csci241/lab-1-SeanMiles42$ git checkout master
Switched to branch 'master'
Your branch is up to date with 'origin/master'.
miless3@linux-07:~/csci241/lab-1-SeanMiles42$ git branch -d question3
Deleted branch question3 (was 869c0a8).
miless3@linux-07:~/csci241/lab-1-SeanMiles42$ git br[K[Kcheckou[K[K[K[K[K[K[K[K[K[K[Kgit[K[K[Kgit branch origion --d =[K[K[K[K[K[K[K[K[Kin --d question [K3
error: branch 'origin' not found.
error: branch 'question3' not found.
miless3@linux-07:~/csci241/lab-1-SeanMiles42$ git branch origin --d question3[1P[1P[1P[1P[1P[1P[1@m[1@a[1@t[1P[1@s[1@t[1@e[1@r
error: Cannot delete branch 'master' checked out at '/home/miless3/csci241/lab-1-SeanMiles42'
error: branch 'question3' not found.
miless3@linux-07:~/csci241/lab-1-SeanMiles42$ git branch master --d question3[1P[1P[1P[1P[1P[1P[1P
error: branch 'question3' not found.
miless3@linux-07:~/csci241/lab-1-SeanMiles42$ git branch --d question3oquestion3rquestion3iquestion3gquestion3iquestion3oquestion3nquestion3[1Pquestion3[1Pquestion3nquestion3 question3
error: branch 'origin' not found.
error: branch 'question3' not found.
miless3@linux-07:~/csci241/lab-1-SeanMiles42$ git branch --d origin question3[1P question3[1P question3[1P question3[1P question3[1P question3[1P question3[1Pquestion3[C[C[C[C[C[C[C[C[C[C[K[K[K[K[K[K[K[K[K[K[K[K[K[K[K[K[K[K[K[K[K[K[K[Kgit status
On branch master
Your branch is up to date with 'origin/master'.

nothing to commit, working tree clean
miless3@linux-07:~/csci241/lab-1-SeanMiles42$ ls
build.gradle  settings.gradle  src  username.txt  writeup.txt
miless3@linux-07:~/csci241/lab-1-SeanMiles42$ git push origin :question3
Username for 'https://github.com': SeanMiles42
Password for 'https://SeanMiles42@github.com': 
To https://github.com/csci241-20s/lab-1-SeanMiles42
 - [deleted]         question3
miless3@linux-07:~/csci241/lab-1-SeanMiles42$ ls
build.gradle  settings.gradle  src  username.txt  writeup.txt
miless3@linux-07:~/csci241/lab-1-SeanMiles42$ cd src
miless3@linux-07:~/csci241/lab-1-SeanMiles42/src$ cd main/java/lab1/
miless3@linux-07:~/csci241/lab-1-SeanMiles42/src/main/java/lab1$ /ls
bash: /ls: No such file or directory
miless3@linux-07:~/csci241/lab-1-SeanMiles42/src/main/java/lab1$ ls
Hello.java
miless3@linux-07:~/csci241/lab-1-SeanMiles42/src/main/java/lab1$ gradle build

Welcome to Gradle 6.1!

Here are the highlights of this release:
 - Dependency cache is relocatable
 - Configurable compilation order between Groovy, Java & Scala
 - New sample projects in Gradle's documentation

For more details see https://docs.gradle.org/6.1/release-notes.html

Starting a Gradle Daemon (subsequent builds will be faster)


[2A[1B[1m> Starting Daemon[m[17D[1B[1A> IDLE[0K[6D[1B[2A[1m<[0;1m-------------> 0% INITIALIZING [103ms][m[39D[1B[1m> Evaluating settings[m[21D[1B[2A[1m<[0;1m-------------> 0% INITIALIZING [203ms][m[39D[2B[2A[1m<[0;1m-------------> 0% INITIALIZING [303ms][m[39D[2B[2A[1m<[0;1m-------------> 0% INITIALIZING [403ms][m[39D[2B[2A[1m<[0;1m-------------> 0% INITIALIZING [503ms][m[39D[2B[2A[1m<[0;1m-------------> 0% INITIALIZING [603ms][m[39D[1B[1m> Evaluating settings > Compiling /home/miless3/csci241/lab-1-SeanMiles42/settings.gradle into local co[m[103D[1B[2A[1m<[0;1m-------------> 0% INITIALIZING [703ms][m[39D[1B[1m> Evaluating settings[m[0K[21D[1B[2A[1m<[0;1m-------------> 0% INITIALIZING [803ms][m[39D[1B[1m> Evaluating settings > Compiling /home/miless3/csci241/lab-1-SeanMiles42/settings.gradle into local co[m[103D[1B[2A[1m<[0;1m-------------> 0% INITIALIZING [903ms][m[39D[2B[2A[1m<[0;1m-------------> 0% INITIALIZING [1s][m[0K[36D[1B[1m> Evaluating settings[m[0K[21D[1B[2A[0K
[31mFAILURE: [39m[31mBuild failed with an exception.[39m

* What went wrong:
Project directory '/home/miless3/csci241/lab-1-SeanMiles42/src/main/java/lab1' is not part of the build defined by settings file '/home/miless3/csci241/lab-1-SeanMiles42/settings.gradle'. If this is an unrelated build, it must have its own settings file.

* Try:
Run with [1m--stacktrace[m option to get the stack trace. Run with [1m--info[m or [1m--debug[m option to get more log output. Run with [1m--scan[m to get full insights.

* Get more help at [1mhttps://help.gradle.org[m

[31;1mBUILD FAILED[0;39m in 2s
[0K
[0K
[2A[1m<[0;1m-------------> 0% WAITING[m[26D[1B[1m> Deleting unused version-specific caches in /home/miless3/csci241/lab-1-SeanMiles42/.gradle[m[92D[1B[2A[2K[1B[2K[1A[0m[?12l[?25hmiless3@linux-07:~/csci241/lab-1-SeanMiles42/src/main/java/lab1$ cd
miless3@linux-07:~$ c [Kd sc[K[Kcsci241/lab-1-SeanMiles42/
miless3@linux-07:~/csci241/lab-1-SeanMiles42$ gradle build


[2A[1m<[0;1m-------------> 0% CONFIGURING [105ms][m[38D[1B[1m> Loading projects[m[18D[1B[2A[1m<[0;1m-------------> 0% CONFIGURING [205ms][m[38D[1B[1m> root project > Compiling /home/miless3/csci241/lab-1-SeanMiles42/build.gradle into local compilation [m[103D[1B[2A[1m<[0;1m-------------> 0% CONFIGURING [305ms][m[38D[1B[1m> root project[m[0K[14D[1B[2A[1m<[0;1m-------------> 0% CONFIGURING [405ms][m[38D[2B[2A[1m<[0;1m-------------> 0% CONFIGURING [505ms][m[38D[2B[2A[1m<[0;1m-------------> 0% CONFIGURING [605ms][m[38D[2B[2A[1m<[0;1m-------------> 0% CONFIGURING [705ms][m[38D[2B[2A[1m<[0;32;1m=============[0;39;1m> 100% CONFIGURING [805ms][m[40D[1B> IDLE[0K[6D[1B[2A[1m<[0;32;1m=============[0;39;1m> 100% CONFIGURING [905ms][m[40D[2B[2A[1m<[0;32;1m=============[0;39;1m> 100% CONFIGURING [1s][m[0K[37D[2B[2A[1m<[0;1m-------------> 0% EXECUTING [1s][m[0K[33D[1B[1m> :compileJava[m[14D[1B[1A[1m> :compileJava > Resolve dependencies of :compileClasspath[m[58D[1B[1A[1m> :compileJava > Resolve dependencies of :compileClasspath > guava-26.0-jre.pom[m[79D[1B[1A[1m> :compileJava > Resolve dependencies of :compileClasspath[m[0K[58D[1B[2A[1m<[0;1m-------------> 0% EXECUTING [2s][m[33D[1B[1m> :compileJava > Resolve dependencies of :compileClasspath > guava-parent-26.0-jre.pom > 3 KB/10 KB dow[m[103D[1B[1A[1m> :compileJava > Resolve dependencies of :compileClasspath > oss-parent-9.pom[m[0K[77D[1B[1A[1m> :compileJava > Resolve dependencies of :compileClasspath[m[0K[58D[1B


[4A[1m> :compileJava > Resolve dependencies of :compileClasspath > j2objc-annotations-1.1.pom[m[87D[1B[1m> :compileJava > Resolve dependencies of :compileClasspath > checker-qual-2.5.2.pom[m[83D[1B[1m> :compileJava > Resolve dependencies of :compileClasspath > jsr305-3.0.2.pom[m[77D[1B[1m> :compileJava > Resolve dependencies of :compileClasspath > animal-sniffer-annotations-1.14.pom[m[96D[1B[4A> IDLE[0K[6D[1B> IDLE[0K[6D[1B> IDLE[0K[6D[2B[1A[1m> :compileJava > Resolve dependencies of :compileClasspath > animal-sniffer-parent-1.14.pom[m[0K[91D[1B[1A[1m> :compileJava > Resolve dependencies of :compileClasspath[m[0K[58D[1B

[6A[1m> :compileJava > Resolve files of :compileClasspath > guava-26.0-jre.jar[m[72D[1B[1m> :compileJava > Resolve files of :compileClasspath > error_prone_annotations-2.1.3.jar > 9 KB/13 KB do[m[103D[1B[1m> :compileJava > Resolve files of :compileClasspath > animal-sniffer-annotations-1.14.jar[m[89D[1B[1m> :compileJava > Resolve files of :compileClasspath > j2objc-annotations-1.1.jar > 7 KB/8 KB downloaded[m[103D[1B[1m> :compileJava > Resolve files of :compileClasspath > jsr305-3.0.2.jar[m[70D[1B[1m> :compileJava > Resolve files of :compileClasspath > checker-qual-2.5.2.jar[m[76D[1B[6A[1m> :compileJava > Resolve files of :compileClasspath > guava-26.0-jre.jar > 676 KB/2.61 MB downloaded[m[100D[1B> IDLE[0K[6D[1B> IDLE[0K[6D[1B> IDLE[0K[6D[1B> IDLE[0K[6D[1B[1m> :compileJava > Resolve files of :compileClasspath > checker-qual-2.5.2.jar > 133 KB/188 KB downloaded[m[103D[1B[7A[1m<[0;1m-------------> 0% EXECUTING [3s][m[33D[1B[1m> :compileJava > Resolve files of :compileClasspath > guava-26.0-jre.jar > 2.54 MB/2.61 MB downloaded[m[101D[5B> IDLE[0K[6D[1B[6A[1m> :compileJava[m[0K[14D[6B[7A[1m<[0;1m-------------> 0% EXECUTING [4s][m[33D[7B[7A[1m<[0;1m-------------> 0% EXECUTING [5s][m[33D[7B[7A[1m<[0;1m-------------> 0% EXECUTING [6s][m[33D[7B[7A[1m<[0;1m-------------> 0% EXECUTING [7s][m[33D[7B[7A[1m<[0;32;1m==[0;39;1m-----------> 21% EXECUTING [7s][m[34D[1B[1m> :jar[m[0K[6D[6B[7A[1m<[0;32;1m===[0;39;1m----------> 28% EXECUTING [7s][m[34D[1B[1m> :startScripts[m[15D[6B[7A[1m<[0;32;1m====[0;39;1m---------> 35% EXECUTING [7s][m[34D[1B> IDLE[0K[6D[6B[7A[1m<[0;32;1m=====[0;39;1m--------> 42% EXECUTING [7s][m[34D[1B[1m> :distZip[m[10D[6B[7A[0K
[32;1mBUILD SUCCESSFUL[0;39m in 8s
5 actionable tasks: 5 executed
[4B[0K
[0K
[0K
[7A[1m<[0;1m-------------> 0% WAITING[m[26D[1B> IDLE[6D[1B> IDLE[6D[1B> IDLE[6D[1B> IDLE[6D[1B> IDLE[6D[1B> IDLE[6D[1B[7A[2K[1B[2K[1B[2K[1B[2K[1B[2K[1B[2K[1B[2K[6A[0m[?12l[?25hmiless3@linux-07:~/csci241/lab-1-SeanMiles42$ gradle run


[2A[1m<[0;1m-------------> 0% INITIALIZING [9ms][m[37D[1B[1m> Evaluating settings[m[21D[1B[2A[1m<[0;1m-------------> 0% EXECUTING [109ms][m[0K[36D[1B[1m> :compileJava > Resolve files of :compileClasspath[m[51D[1B[2A[0K
[1m> Task :run[m[0K
Hello, world!

[32;1mBUILD SUCCESSFUL[0;39m in 696ms
2 actionable tasks: 1 executed, 1 up-to-date
[0K
[0K
[2A[1m<[0;1m-------------> 0% WAITING[m[26D[1B> IDLE[6D[1B[2A[2K[1B[2K[1A[0m[?12l[?25hmiless3@linux-07:~/csci241/lab-1-SeanMiles42$ cd src/main/java/lab1/
miless3@linux-07:~/csci241/lab-1-SeanMiles42/src/main/java/lab1$ ls
gradle	Hello.java
miless3@linux-07:~/csci241/lab-1-SeanMiles42/src/main/java/lab1$ nano Hello.java
[?1049h[22;0;0t[1;55r(B[m[4l[?7h[39;49m[?1h=[?1h=[?1h=[?25l[39;49m(B[m[H[2J[53;45H(B[0;7m[ Reading File ](B[m[53;51H(B[0;7m 7 lines ](B[m[H(B[0;7m  GNU nano 2.9.3                                  Hello.java                                            [1;103H(B[m[54d(B[0;7m^G(B[m Get Help   (B[0;7m^O(B[m Write Out  (B[0;7m^W(B[m Where Is   (B[0;7m^K(B[m Cut Text   (B[0;7m^J(B[m Justify    (B[0;7m^C(B[m Cur Pos    (B[0;7mM-U(B[m Undo[55d(B[0;7m^X(B[m Exit[15G(B[0;7m^R(B[m Read File  (B[0;7m^\(B[m Replace    (B[0;7m^U(B[m Uncut Text (B[0;7m^T(B[m To Spell   (B[0;7m^_(B[m Go To Line (B[0;7mM-E(B[m Redo[53d[3d[39;49m[36mpackage[39m(B[m lab1;[5d[36mpublic[39m(B[m [36mclass[39m(B[m Hello {[6;3H[36mpublic[39m(B[m [36mstatic[39m(B[m [32mvoid[39m(B[m main(String[] args) {[7;5HSystem.out.println([31m"Hello, world!"[39m(B[m);[8;3H}[9d}[3d[?12l[?25h[?25l[4d[?12l[?25h[?25l[5d[?12l[?25h[?25l[6d[?12l[?25h[?25l[7d[?12l[?25h[?25l[8d[?12l[?25h[?25l[A[?12l[?25h[?25l[A[?12l[?25h[?25l [?12l[?25h[?25l [?12l[?25h[?25l[C[?12l[?25h[?25l[C[?12l[?25h[?25l[C[?12l[?25h[?25l[C[?12l[?25h[?25l[C[?12l[?25h[?25l[C[?12l[?25h[?25l [?12l[?25h[?25l[C[?12l[?25h[?25l[C[?12l[?25h[?25l[C[?12l[?25h[?25l[C[?12l[?25h[?25l[C[?12l[?25h[?25l[C[?12l[?25h[?25l [?12l[?25h[?25l[C[?12l[?25h[?25l[C[?12l[?25h[?25l[53d[K[6;20H[?12l[?25h[?25l[C[?12l[?25h[?25l [?12l[?25h[?25lm[?12l[?25h[?25la[?12l[?25h[?25li[?12l[?25h[?25ln[?12l[?25h[?25l([?12l[?25h[?25lS[?12l[?25h[?25lt[?12l[?25h[?25lr[?12l[?25h[?25li[?12l[?25h[?25ln[?12l[?25h[?25lg[?12l[?25h[?25l[[?12l[?25h[?25l][?12l[?25h[?25l [?12l[?25h[?25la[?12l[?25h[?25lr[?12l[?25h[?25lg[?12l[?25h[?25l[7d[?12l[?25h[?25l[?12l[?25h[?25l[?12l[?25h[?25l[1;95H(B[0;7mModified(B[m[7;36H[31m!"[39m(B[m);[K[?12l[?25h[?25l[31m!"[39m(B[m);[K[?12l[?25h[?25l[31m!"[39m(B[m);[K[?12l[?25h[?25l[31m!"[39m(B[m);[K[?12l[?25h[?25l[31m!"[39m(B[m);[K[?12l[?25h[?25l[C[?12l[?25h[?25l[31m"[39m(B[m);[K[?12l[?25h[?25l[31m"[39m(B[m);[K[?12l[?25h[?25l[?12l[?25h[?25l[?12l[?25h[?25l[?12l[?25h[?25l[?12l[?25h[?25l[?12l[?25h[?25l[?12l[?25h[?25l[?12l[?25h[?25l[?12l[?25h[?25l([?12l[?25h[?25l[C[?12l[?25h[?25l[C[?12l[?25h[?25l[C[?12l[?25h[?25l[C[?12l[?25h[?25l[C[?12l[?25h[?25l[C[?12l[?25h[?25l[C[?12l[?25h[?25l[31m "[39m(B[m);[?12l[?25h[?25l[C[?12l[?25h[?25l+);[?12l[?25h[?25l );[?12l[?25h[?25l[?12l[?25h[?25l[?12l[?25h[?25l + );[?12l[?25h[?25l+[?12l[?25h[?25l [?12l[?25h[?25l  );[?12l[?25h[?25l[?12l[?25h[?25la );[?12l[?25h[?25lr );[?12l[?25h[?25lg );[?12l[?25h[?25ls );[?12l[?25h[?25l[ );[?12l[?25h[?25l0 );[?12l[?25h[?25l] );[?12l[?25h[?25l);[K[?12l[?25h[?25l[53d(B[0;7mSave modified buffer?  (Answering "No" will DISCARD changes.)                                           [54;1H Y(B[m Yes[K[55d(B[0;7m N(B[m No  [15G  (B[0;7m^C(B[m Cancel[K[53;63H[?12l[?25h[?25l[54d(B[0;7m^G(B[m Get Help[54;27H(B[0;7mM-D(B[m DOS Format[54;53H(B[0;7mM-A(B[m Append[54;79H(B[0;7mM-B(B[m Backup File[55d(B[0;7m^C(B[m Cancel[17G          (B[0;7mM-M(B[m Mac Format[55;53H(B[0;7mM-P(B[m Prepend[55;79H(B[0;7m^T(B[m To Files[53d(B[0;7mFile Name to Write: Hello.java                               (B[m[53;31H[?12l[?25h[?25l[K[1;103H[1;95H(B[0;7m        (B[m[53;44H(B[0;7m[ Wrote 7 lines ](B[m[J[55;104H[?12l[?25h[55;1H[?1049l[23;0;0t[?1l>miless3@linux-07:~/csci241/lab-1-SeanMiles42/src/main/java/lab1$ cd
miless3@linux-07:~$ cd cs[Kcs[K[Ksci241/lab-1-SeanMiles42/
miless3@linux-07:~/csci241/lab-1-SeanMiles42$ gar[K[Krande ru[K[K[K[K[K[K[Kadle build


[2A[1m<[0;1m-------------> 0% INITIALIZING [15ms][m[38D[1B[1m> Evaluating settings[m[21D[1B[2A[1m<[0;1m-------------> 0% EXECUTING [115ms][m[0K[36D[1B[1m> :compileJava[m[0K[14D[1B[2A[1m<[0;1m-------------> 0% EXECUTING [215ms][m[36D[2B[2A[1m<[0;32;1m====[0;39;1m---------> 35% EXECUTING [315ms][m[37D[1B[1m> :distTar[m[0K[10D[1B[2A[1m<[0;32;1m=====[0;39;1m--------> 42% EXECUTING [415ms][m[37D[1B[1m> :distZip[m[10D[1B[2A[0K
[32;1mBUILD SUCCESSFUL[0;39m in 994ms
5 actionable tasks: 4 executed, 1 up-to-date
[0K
[0K
[2A[1m<[0;1m-------------> 0% WAITING[m[26D[1B> IDLE[6D[1B[2A[2K[1B[2K[1A[0m[?12l[?25hmiless3@linux-07:~/csci241/lab-1-SeanMiles42$ gradle run --args=""s"s"[1P"[1P"C"o"m"p"u"t"e"r"


[2A[1m<[0;1m-------------> 0% INITIALIZING [11ms][m[38D[1B[1m> Evaluating settings[m[21D[1B[2A[1m<[0;32;1m=========[0;39;1m----> 75% EXECUTING [111ms][m[0K[37D[1B[1m> :run[m[0K[6D[1B[2A[0K
[1m> Task :run[m
Hello, Computer

[32;1mBUILD SUCCESSFUL[0;39m in 696ms
2 actionable tasks: 1 executed, 1 up-to-date
[0K
[0K
[2A[1m<[0;1m-------------> 0% WAITING[m[26D[1B> IDLE[6D[1B[2A[2K[1B[2K[1A[0m[?12l[?25hmiless3@linux-07:~/csci241/lab-1-SeanMiles42$ git add src/main/java/lab1/Hello.java
miless3@linux-07:~/csci241/lab-1-SeanMiles42$ git commit -m "Hello now prints command line arg"
[master a6a2f2b] Hello now prints command line arg
 1 file changed, 1 insertion(+), 1 deletion(-)
miless3@linux-07:~/csci241/lab-1-SeanMiles42$ git push
Username for 'https://github.com': SeanMiles42
Password for 'https://SeanMiles42@github.com': 
Counting objects: 7, done.
Delta compression using up to 8 threads.
Compressing objects:  33% (1/3)   Compressing objects:  66% (2/3)   Compressing objects: 100% (3/3)   Compressing objects: 100% (3/3), done.
Writing objects:  14% (1/7)   Writing objects:  28% (2/7)   Writing objects:  42% (3/7)   Writing objects:  57% (4/7)   Writing objects:  71% (5/7)   Writing objects:  85% (6/7)   Writing objects: 100% (7/7)   Writing objects: 100% (7/7), 485 bytes | 242.00 KiB/s, done.
Total 7 (delta 2), reused 0 (delta 0)
remote: Resolving deltas:   0% (0/2)[Kremote: Resolving deltas:  50% (1/2)[Kremote: Resolving deltas: 100% (2/2)[Kremote: Resolving deltas: 100% (2/2), completed with 2 local objects.[K
To https://github.com/csci241-20s/lab-1-SeanMiles42
   869c0a8..a6a2f2b  master -> master
miless3@linux-07:~/csci241/lab-1-SeanMiles42$ exit
exit

Script done on 2020-04-09 12:54:31-0700
